TRACK_TIME 1121238067
TRACK ULI7-188355 ALOR1 370500N 1030900W 470 360 0 ZAB ZAB71
    FP_ROUTE KPHX./.VARNR..KUHCU..ICT..ROKNE..DOSOA..BUM..ROFBE..AUGIE..ROACH..LUYIR..ZOPUD..VIH..DELMA..GLASS..NIKEL..DEVER..MWA..HARCE..TEXAS..HORAV..UXZOR..RIDDY..PXV..LAMBS..APALO..DOWNS..ZOGUN..NADDI..BETHY..IIU..DACOS..HVQ..KIAD..SWANN.RUUTH1.I04L.KEWR

TRACK ULI18-476099 B733 381300N 1103359W 424 330 38 ZLC ZLC46
    FP_ROUTE KLAS./.HBU..FQF..LBF..OGEZO..ECYUS..BOKKI..JIKNU..ONL..CURIR..TYNDA..PUKIC..DOLTS..FSD..SECTO..POEMS..POGSE..ZERAD..PILIY..RWF.SKETR5.L04.KMSP

TRACK ULI13-239120 B752 471200N 1142700W 410 360 0 ZLC ZLC20
    FP_ROUTE KATL./..GLASR1.I16L.KSEA

TRACK ULI13-2553603 B752 384759N 1181959W 484 370 0 ZOA ZOA33
    FP_ROUTE KSFO./.OAL..WURIL..ELFES..TPH..ILC..WOOOP..MLF..HVE..BDROC..HBU..GLD..PWE..UBELE..STJ..WITAG..PATTN..JAWED..YIGRE..IRK..STRUK..DNV..MIE..DEBAR..ROSSY..RUSIA..ROD..TRAKK..BLISS..AVERE..JST..WILTT..HUDON..RASHE..SEG..KIACK..BLESS..DIANO..LVZ.LENDY6.I13L.KJFK

TRACK ULI13-2184483 B763 380600N 1114959W 461 350 0 ZLC ZLC34
    FP_ROUTE KSFO./.ZUN..KABQ..TCC..PNH..CRUSR..IRW..DWINE..KLUBB..KOMMA..LIT..GEEYY..MEM.RMG5.I08R.KATL

TRACK ULI5-5183 ALOR1 435100N 1253259W 546 370 999 ZSE ZSE15
    FP_ROUTE PHNL./.SLI..AHEIM..OLLIE..POXKU..EBITE..PDZ..YCDIL..PKE..LANCY..DRK..JUWSO..OATES..HOXOL..INW..FORAN..GRINT..DODAH..GUP..CIM..GCK..SLN..AGENT..KIDER..IRK.BDF5.L27L.KORD

TRACK ULI16-156815 ALOR1 394900N 1191100W 504 282 999 ZOA ZOA43
    FP_ROUTE KSMF./.KROST..ILC..WOOOP..MLF..DETAN..HAMET..OMUCE..HVE..BDROC..HBU..GLD..PWE..COVUT..TRAIG..KARMA..LMN..OSIVE..IRK.BDF5.L27L.KORD

TRACK_TIME 1121238127
TRACK ULI16-41615 A320 365000N 1114500W 451 350 74 ZLA ZLA32
    FP_ROUTE KLAX./.ABQ..FTI..LBL..VARNR..ICT..ROKNE..DOSOA..BUM..ROFBE..AUGIE..ROACH..LUYIR..ZOPUD..VIH..DELMA..GLASS..NIKEL..DEVER..MWA..HARCE..TEXAS..HORAV..UXZOR..RIDDY..PXV..LAMBS..APALO..DOWNS..ZOGUN..NADDI..BETHY..IIU..DACOS..HVQ.DOCCS2.I01L.KIAD

TRACK ULI28-635208 ALOR2 390400N 864959W 435 184 137 ZID ZID35
    FP_ROUTE KABQ./..CHERI3.R17LY.KSDF

TRACK ULI15-749955 ALOR1 402900N 1193000W 438 410 0 ZOA ZOA43
    FP_ROUTE KSEA./.SEDTO..LIBGE..PYRAM..FMG..RYANN..YERIN..BABIT..OAL..ZOTUX..TEZUM..LIDAT..BTY.FUZZY8.I01L.KLAS

TRACK ULI24-11024 ALOR3 430600N 751959W 160 13 180 ZBW ZBWRM
    FP_ROUTE KUCA..COOES..MILID..CODDI..DNY.SLATT4.I17-Z.KPHL

TRACK ULI18-9603 A320 363859N 1121759W 455 315 0 ZLA ZLA33
    FP_ROUTE KLAS.LAS5.DVC..HGO..GLD..PWE..COVUT..TRAIG..KARMA..LMN..JAVAS..ALBRT..BURKK..BDF..JOT..GIJ..LINGS..VENTU..YURUD..JONES..GEEBE..NUPGE..LFD.MIZAR4.I04LZ.KDTW

TRACK ULI16-8 ALOR1 354559N 1255700W 490 390 0 ZOA ZOA35
    FP_ROUTE PHKO./.EDTOO..ELKEY..KLAX..SLI..AHEIM..OLLIE..POXKU..EBITE..PDZ..YCDIL..PKE..LANCY..DRK..JUWSO..OATES..HOXOL..INW..FORAN..GRINT..DODAH..GUP..CIM..GCK..SLN..AGENT..KIDER..IRK.BDF5.L27L.KORD

TRACK_TIME 1121238187
TRACK ULI3-33855 ALOR1 340059N 1075800W 435 350 78 ZAB ZAB68
    FP_ROUTE KPHX./.PELCI..TCC..IREVE..BGD..DANKS..IFI..WENDY..LASTS..GULLI..IBAAH..YARNS..SEARS..TUL..INOLA..TUSOC..PRYOR..GENET..JAMDO..RZC..TWITS..OMDUE..DEPEC..BNA..RABOW..VXV.LIINN2.L18R.KCLT

TRACK ULI18-93635 A319 365000N 1121200W 438 350 69 ZLA ZLA32
    FP_ROUTE KLAX./.ABQ..FTI..LBL..VARNR..ICT..ROKNE..DOSOA..BUM..SCAWT..ELSTO..KOOOP..STL..COWES..TILMN..VHP..ZAVNE..HOMAR..NEWTO..MOTTS..ARBAS..LEEDS..DQN..TRUNC..BONEE..TARRY..MECAN..PIZZA..DIPNE..APE..ROSCO..CTW..PIDYY..HEFJA..AGC..FURIX..MILWO..JST..WILTT..HUDON..RASHE..SEG..KIACK..BLESS..DIANO..LVZ.LENDY6.I13L.KJFK

TRACK ULI5-76175 B752 331400N 1142400W 433 350 98 ZLA ZLA60
    FP_ROUTE KLAX./.MOHAK..JUDTH..GBN..TFD..TOTEC..ITEMM..SSO..ALIBY..ELP..PEQ..FUSCO..LLO..KIAH..LEV..BLVNS..BUNNZ..BACCA..CIGAR..BAGGS.SSCOT4.R09.KMIA

TRACK ULI16-8835 A319 402000N 1100800W 455 340 82 ZLC ZLC03
    FP_ROUTE KSFO./.BDROC..HBU..GLD..PWE..UBELE..STJ..WITAG..PATTN..JAWED..YIGRE..IRK..STRUK..DNV..MIE..DEBAR..ROSSY..RUSIA..ROD..TRAKK..BLISS..AVERE..JST.BOJID2.I09L.KPHL

TRACK ULI13-956483 B762 442559N 1174300W 433 380 292 ZLC ZLC41
    FP_ROUTE KATL./.MWH..BLUIT..NORMY..TAGOR..SEA.HELNS5.I10L.KPDX

TRACK ULI16-31683 ALOR1 422259N 1112300W 471 350 75 ZLC ZLC08
    FP_ROUTE KSFO./.JNC..KAPA..HCT..DRABS..LNK..CNOTA..IOW..VORIN..JOT..GIJ..BENJO..CRL..COHOW..SURLY..JHW..WAYLA..VIEEW..TYROD..MEMMS..LOXXE..PONCT.JFUND2.I15R.KBOS

TRACK ULI28-859328 B752 361400N 1120900W 474 310 0 ZLA ZLA35
    FP_ROUTE KONT.SNSHN3...KRFD

TRACK_TIME 1121238247
TRACK ULI1-90600 A320 391200N 1181200W 455 291 75 ZOA ZOA43
    FP_ROUTE KSMF./.KROST..ILC..WOOOP..MLF..HVE..BDROC..HBU..GLD..CUGGA..HLC..SLOWR..CATTS..MCI..DRIVL..WELTS..STL..JIGSY..CAROL..JUDDI..MOSEY..GBEES..FLM..HVQ.DOCCS2.I01L.KIAD

TRACK ULI23-301400 H25C 371759N 1043159W 445 390 101 ZDV ZDV30
    FP_ROUTE KSJC./...KLIT

TRACK ULI5-43263 B752 400159N 994200W 457 370 73 ZDV ZDV67
    FP_ROUTE KSAN./.KUHCU..ICT..ROKNE..DOSOA..BUM..SCAWT..ELSTO..KOOOP..STL..COWES..TILMN..VHP..ZAVNE..HOMAR..NEWTO..MOTTS..ARBAS..LEEDS..DQN..TRUNC..BONEE..TARRY..MECAN..PIZZA..DIPNE..APE..ROSCO..CTW..PIDYY..HEFJA..AGC..FURIX..MILWO..JST..WILTT..HUDON..RASHE..SEG..KIACK..BLESS..DIANO..LVZ.LENDY6.I13L.KJFK

TRACK ULI21-3519375 A30B 365800N 1121559W 473 270 67 ZLA ZLA33
    FP_ROUTE KLAX./.ABQ..FTI..LBL..VARNR..KUHCU..ICT..ROKNE..DOSOA..BUM..SCAWT..ELSTO..KOOOP..STL..COWES..TILMN..VHP..ROD..TRAKK..BLISS..AVERE..JST..WILTT..HUDON..RASHE..SEG..KIACK..BLESS..DIANO..LVZ.LENDY6.I13L.KJFK

TRACK ULI28-887363 ALOR2 380259N 862600W 339 155 270 ZID ZID17
    FP_ROUTE KSDF./.LAMBS..PXV..PLESS..FAM..TWRAY..SGF..JACCK..OZARK..ZEDDI..NASHE..NALLY..KUVPE..CNU..OBDAW..NUTME..ICT..KYLER..GCK..ALS..RSK..COCAN..RHYSS..TBC..GCN..AMERE..GUCRU..PGS..DOMMS..PRFUM..CENIT..TUMBE..ESSAA..KENNO..RUSME.BANND1.R12-Y.KOAK

TRACK ULI5-47523 B763 440700N 1201559W 528 350 82 ZSE ZSE13
    FP_ROUTE PHOG./.SLI..AHEIM..OLLIE..POXKU..EBITE..PDZ..YCDIL..PKE..LANCY..DRK..JUWSO..OATES..HOXOL..INW..FORAN..GRINT..DODAH..GUP..CIM..GCK..SLN..AGENT..KIDER..IRK.BDF5.L27L.KORD

TRACK ULI26-3168399 B737 360259N 1014400W 444 390 93 ZAB ZAB98
    FP_ROUTE KLAS./.CRUSR..IRW..DWINE..KLUBB..KOMMA..LIT..GEEYY..MEM.RMG5.I08R.KATL

TRACK ULI28-962360 ALOR2 392100N 871559W 310 250 335 ZID ZID80
    FP_ROUTE KBFI./..CHERI3.R17LY.KSDF

TRACK ULI31-13224 B742 402900N 734000W 275 70 102 ZNY ZNYJF
    FP_ROUTE KJFK.DEEZZ4.TOWIN..KATVE..FLOAT..DUMMR..OUTLT..VAYRE..RAV..MORTO..HERDA..RASHE..PSB..LATEC..DBEAM..CIP..MERCY..SHANT..YNG..KCLE..CRL..YWG..YXY..BIBEM..ORT..ZIDOR..JUTBU..SANKA..HOVUK..GKN.KROTO4.I15.PANC

TRACK ULI28-885480 ALOR2 392259N 870359W 301 215 22 ZID ZID35
    FP_ROUTE KSJC./..CHERI3.R17LY.KSDF

TRACK ULI2-123903 PA31 395559N 862700W 176 60 332 ZID ZIDIN
    FP_ROUTE KIND./.EDMEW..HUBOP..PASEW..OKK.FISSK4.R04L.KMDW

TRACK_TIME 1121238307
TRACK ULI27-801024CC ALOR1 375359N 1004859W 465 360 247 ZKC ZKC22
    FP_ROUTE KDTW./.PUB..RSK..DERMA..GUVBE..HUNVI..DEXTR..CASTI..BUTTE..INW.DSERT2.R25L.KDVT

TRACK ULI18-193599 ALOR1 341059N 1083059W 419 350 115 ZAB ZAB68
    FP_ROUTE KLAS./.TCS..GINGR..INK..LOWGO..FUSCO..LLO.RIICE8.I15R.KIAH

TRACK ULI5-54755 B752 321500N 1045300W 469 360 101 ZAB ZAB78
    FP_ROUTE KLAX./.PEQ..FUSCO..LLO..KIAH..LEV..BLVNS..BUNNZ..BACCA..CIGAR..BAGGS.SSCOT4.R09.KMIA

TRACK ULI13-1515360 ALOR2 405559N 1113359W 388 167 94 ZLC ZLCSL
    FP_ROUTE KSLC.LEETZ6.EKR..FQF..GLD..CUGGA..HLC..SLOWR..CATTS..MCI..DRIVL..WELTS..STL..TOY..BREEZ..ENL.SARGO3.I18C.KCVG

TRACK ULI28-37650495 B752 395100N 751859W 288 79 270 ZDC ZNYPH
    FP_ROUTE KPHL....KABY

TRACK ULI2-241080 ALOR2 324759N 963059W 326 134 83 ZFW ZFWDF
    FP_ROUTE KDAL.BACH7.LIT.CONDR3.R09.KMEM

TRACK ULI13-4235363 B752 321300N 1043059W 484 350 99 ZAB ZAB78
    FP_ROUTE KLAX./.BGS..ABI..HICOE..ACT..TORNN..CRIED..LFK..VELCO..TBEND..CIDOR..AEX..MCB..CEW..DEFUN..IKMOQ..LAARA..CHEWS..BJLEW..MAI..SNEAD..QUILL..SZW.DARBS3.I01L.KTPA

TRACK_TIME 1121238367
TRACK ULI27-6859160G ALOR2 315759N 1051200W 213 140 278 ZAB ZAB20
    FP_ROUTE KMAF....K94E

TRACK ULI1-34595 ALOR1 390859N 1010059W 450 370 71 ZDV ZDV18
    FP_ROUTE KSAN./.VARNR..ICT..ROKNE..DOSOA..BUM..SCAWT..ELSTO..KOOOP..STL..COWES..TILMN..VHP..ZAVNE..HOMAR..NEWTO..MOTTS..ARBAS..LEEDS..DQN..TRUNC..BONEE..TARRY..MECAN..PIZZA..DIPNE..APE..ROSCO..CTW..PIDYY..HEFJA..AGC..FURIX..MILWO..JST..WILTT..HUDON..RASHE..SEG..KIACK..BLESS..DIANO..LVZ.LENDY6.I13L.KJFK

TRACK ULI4-93024 PA60 400959N 944400W 183 60 0 ZKC ZKC46
    FP_ROUTE KMKC./.TRAIG..VIKKI..OVR..ZISIX..CANIO..AANDY..BECOM..SUX..OYENS..COPYE..OTG..LEVRE..GOPEC..RWF..JUNES..GHENT..KMML

TRACK ULI2-56168 LJ35 395800N 993459W 422 370 81 ZDV ZDV67
    FP_ROUTE KAPA./.PWE..UBELE..STJ..WITAG..PATTN..JAWED..YIGRE..IRK..HEBET..UIN..SEXTN..YALUR..GINIA..SPI..GORDO..JAAVE..VHP.GUNNE4.R23L.KLCK

TRACK ULI13-4218915 B752 395800N 993459W 446 350 75 ZDV ZDV08
    FP_ROUTE KLAS./.PWE..COVUT..TRAIG..KARMA..LMN..JAVAS..ALBRT..BURKK..BDF..JOT..GIJ..BENJO..CRL..COHOW..SURLY..JHW..WAYLA..VIEEW..TYROD..MEMMS..LOXXE..PONCT.JFUND2.I15R.KBOS

TRACK ULI9-1034288 DC10 400500N 883359W 509 340 263 ZAU ZAU45
    FP_ROUTE KEWR./.VORIN..IOW..CNOTA..LNK..DRABS..HCT..DVV..DBL..HVE..UJACI..MOJVI..BCE..BLD..DICSA..CRESO..BOACH..WOPMA..WHIGG..DANBY..HEC.BASET5.I25L.KLAX

TRACK ULI3-6399 A321 330959N 1141500W 433 330 70 ZLA ZLA60
    FP_ROUTE KSAN./.KPHX..ABQ..FTI..LBL..VARNR..KUHCU..ICT..ROKNE..DOSOA..BUM..ROFBE..AUGIE..ROACH..LUYIR..ZOPUD..VIH..DELMA..GLASS..NIKEL..DEVER..MWA..HARCE..TEXAS..HORAV..UXZOR..RIDDY..PXV..LAMBS..APALO..DOWNS..ZOGUN..NADDI..BETHY..IIU..ZIEBR..BKW..ASBUR..DENNY..MOL..GVE.PAATS3.R26.KPHL

TRACK ULI1-220899 A320 435200N 881500W 471 370 89 ZAU ZAU61
    FP_ROUTE KSJC./.GIJ..BENJO..CRL..COHOW..SURLY..JHW..WAYLA..VIEEW..TYROD..MEMMS..LOXXE..PONCT.JFUND2.I15R.KBOS

TRACK ULI20-158403 ALOR2 382800N 1211200W 468 233 58 ZOA ZOA23
    FP_ROUTE KSFO./.WRAPS..DUCKE..NIKOL..JABIM..OAL..WURIL..ELFES..TPH..ILC..EKR..FROGS..SNY..BENNZ..YANKI..NARLY..ONL..CURIR..TYNDA..PUKIC..DOLTS..FSD..SECTO..POEMS..POGSE..ZERAD..PILIY..RWF.SKETR5.L04.KMSP

TRACK ULI11-49728 PA31 405000N 844200W 167 90 128 ZAU ZAUFW
    FP_ROUTE KPWK./..GUNNE4.R27L.KOSU

TRACK ULI27-12278015J ALOR3 404400N 750459W 120 59 999 ZNY ZNYFJ
    FP_ROUTE KMMU....KCRW

TRACK ULI14-238143 B190 415900N 1223559W 234 190 180 ZSE ZSE30
    FP_ROUTE KPDX./.RUFUS..LOMIA..RUSME.BANND1.R12-Y.KOAK

TRACK ULI28-111555 B752 395200N 750800W 262 34 89 ZDC ZNYPH
    FP_ROUTE KPHL...WLACE3.I10L.KPBI

TRACK_TIME 1121238427
TRACK ULI27-2303WA LR25 320859N 890259W 400 400 225 ZME ZME43
    FP_ROUTE KBAL./..RYTHM4.L20.KMSY

TRACK ULI10-2915 ALOR2 380759N 1204000W 437 244 70 ZOA ZOA32
    FP_ROUTE KSFO./.DUCKE..NIKOL..JABIM..OAL..WURIL..ELFES..TPH..ILC..WOOOP..MLF..DETAN..HAMET..OMUCE..HVE..BDROC..HBU..GLD..CUGGA..HLC..SLOWR..CATTS..MCI..LYMES..LEXIN..YOJCO..HLV..JAGGI..MEMAC..CABIT..SADEN..STL..TOY..KENBE..CRATS..SAM..FLM..HVQ.DOCCS2.I01L.KIAD

TRACK ULI17-142883 B733 441400N 913000W 443 350 123 ZMP ZMP15
    FP_ROUTE KMSP.WLSTN7...KFWA

TRACK ULI1-238143 A320 412100N 941500W 468 350 75 ZMP ZMP43
    FP_ROUTE KLGB./.JAVAS..ALBRT..BURKK..BDF..JOT..GIJ..BENJO..CRL..COHOW..SURLY..JHW..WAYLA..VIEEW..TYROD..MEMMS..LOXXE..PONCT.JFUND2.I15R.KBOS

TRACK ULI19-21399875 ALOR2 381400N 1200359W 446 242 74 ZOA ZOA32
    FP_ROUTE KSFO./.NIKOL..JABIM..OAL..WURIL..ELFES..TPH..ILC..WOOOP..MLF..SAKES..JNC..KDEN..HCT..DRABS..LNK..CNOTA..IOW..MOSCO..ZELMI..CVA.MOTIF5.R04L.KMDW

TRACK ULI30-67599 A319 371059N 1025800W 423 370 64 ZAB ZAB72
    FP_ROUTE KPHX./.DRAWL..GCK..SLN..AGENT..KIDER..IRK..COLIE..LOAMY..BRL..VICKS..BDF..JOT..GIJ..LINGS..VENTU..YURUD..JONES..GEEBE..NUPGE..LFD.MIZAR4.I04LZ.KDTW

TRACK ULI16-9603 A320 365259N 1122700W 429 350 69 ZLA ZLA32
    FP_ROUTE KLAX./.ABQ..FTI..LBL..VARNR..ICT..ROKNE..DOSOA..BUM..SCAWT..ELSTO..KOOOP..STL..COWES..TILMN..VHP..ZAVNE..HOMAR..NEWTO..MOTTS..ARBAS..LEEDS..DQN..TRUNC..BONEE..TARRY..MECAN..PIZZA..DIPNE..APE..ROSCO..CTW..PIDYY..HEFJA..AGC..FURIX..MILWO..JST.BOJID2.I09L.KPHL

TRACK_TIME 1121238487
TRACK ULI18-720800 A319 355100N 1093059W 450 330 82 ZDV ZDV23
    FP_ROUTE KLAS./.CIM..GCK..KIRKE..PEABO..FRACA..BUM..EUNIK..ULMAN..CROCK..FAM..PLESS..PXV..LAMBS..APALO..DOWNS..ZOGUN..NADDI..BETHY..IIU..FEDRA..HYK..LOGIC..TRENT..SLINK..BLF..HECKE..ERATH..PSK.SBV4.R23LY.KRDU

TRACK ULI28-641600 ALOR1 392900N 871500W 304 245 8 ZID ZID80
    FP_ROUTE KDEN./..CHERI3.R17LY.KSDF

TRACK ULI28-802815 ALOR2 380600N 862700W 352 154 270 ZID ZID17
    FP_ROUTE KSDF./.LAMBS..PXV..MAUNI..HILTS..DAHLL..ZOLLI..ENL..BREEZ..TOY..STL..WELTS..DRIVL..MCI..CATTS..SLOWR..HLC..CUGGA..GLD.DANDD8.L26.KDEN

TRACK ULI7-2340899 B737 383859N 1183359W 480 370 72 ZOA ZOA33
    FP_ROUTE KSFO./.OAL..WURIL..ELFES..TPH..ILC..WOOOP..MLF..SAKES..JNC..KAPA..HCT..DRABS..LNK..CNOTA..IOW..MOSCO..ZELMI..CVA..MIHAL..RFD..ELX.HIMEZ4.R10.KCLE

TRACK ULI2-40400 LJ35 415200N 740159W 400 394 261 ZBW ZBW20
    FP_ROUTE KBOS./.VOLLU..BREZY..WANVA..SAX..ELIOT..ETX..DUMMR..HWANG..BOBSS..HAR..BADDI..GRAHM..VINSE..LEJOY..AIR.BREMN5.I05L.KLCK

TRACK ULI13-300303 B763 342800N 1142700W 424 350 69 ZLA ZLA39
    FP_ROUTE KLAX./.KDVT..ABQ..FTI..LBL..VARNR..ICT..ROKNE..DOSOA..BUM..ROFBE..AUGIE..ROACH..LUYIR..ZOPUD..VIH..DELMA..GLASS..NEWAT..ENL.SARGO3.I18C.KCVG

TRACK ULI3-25280 A321 405200N 995700W 447 330 82 ZDV ZDV09
    FP_ROUTE KSFO./.PWE..UBELE..STJ..WITAG..PATTN..JAWED..YIGRE..IRK..STRUK..DNV..MIE..DEBAR..ROSSY..RUSIA..ROD..TRAKK..BLISS..AVERE..JST.BOJID2.I09L.KPHL

TRACK ULI13-2666688 B752 423500N 933259W 462 370 89 ZMP ZMP28
    FP_ROUTE KSLC./.SINGR..NASAL..WELMA..IOW..VORIN..JOT..HOBAR..GSH..ASHEN..NAPOL..MAYZE..JERRI..DJB..DROVE..STUKL..IXORE..WEXER..MOROW..HIRES..YNG..SHANT..MERCY..CIP..PARDY..HONLU..DAAAV..ETG..FAVUM..ZIMEL..FQM..MUNCI..SWANK..LVZ.LENDY6.I13L.KJFK

TRACK ULI16-408320 A319 470059N 1141559W 454 360 284 ZLC ZLC20
    FP_ROUTE KORD./..GLASR1.I16L.KSEA

TRACK ULI17-511224 B72Q 393859N 891400W 453 350 63 ZKC ZKC94
    FP_ROUTE KELP./...KFWA

TRACK_TIME 1121238547
TRACK ULI25-749955 MU2 360059N 863159W 142 11 0 ZME ZMEBN
    FP_ROUTE KMQY....KAWM

TRACK ULI23-964323 C750 381659N 1164200W 501 430 255 ZLC ZLC45
    FP_ROUTE KDTW./.LLC..WADDS..FMG.GOLDN7.R19R.KSFO

TRACK ULI12-104975 C402 414059N 730659W 175 71 36 ZBW ZBWBD
    FP_ROUTE KPNE....KLEW

TRACK ULI16-33855 B752 360500N 1015059W 457 370 74 ZAB ZAB98
    FP_ROUTE KSAN./.VARNR..KUHCU..ICT..ROKNE..DOSOA..BUM..EUNIK..ULMAN..CROCK..FAM..PLESS..PXV..LAMBS..APALO..DOWNS..ZOGUN..NADDI..BETHY..IIU..DACOS..HVQ.DOCCS2.I01L.KIAD

TRACK ULI3-419903 B752 390959N 1002059W 433 370 81 ZDV ZDV18
    FP_ROUTE KLAS./.SLN..ZITIK..VASCO..DIVBE..CEKIS..DRAMA..ALMAS..WEVAL..MOPPS..ULNAZ..TOP..ROVVO..MCI..SAAGS..TWAIN..BAYLI..SPI..GORDO..JAAVE..VHP..ZAVNE..HOMAR..NEWTO..MOTTS..ARBAS..LEEDS..DQN..TRUNC..BONEE..TARRY..MECAN..PIZZA..DIPNE..APE..ROSCO..CTW..PIDYY..HEFJA..AGC..FURIX..MILWO..JST.BOJID2.I09L.KPHL

TRACK ULI1-65024 A320 391759N 993659W 415 370 82 ZDV ZDV18
    FP_ROUTE KLGB./.PEABO..FRACA..BUM..ROFBE..AUGIE..ROACH..LUYIR..ZOPUD..VIH..DELMA..GLASS..NIKEL..DEVER..MWA..HARCE..TEXAS..HORAV..UXZOR..RIDDY..PXV..LAMBS..APALO..DOWNS..ZOGUN..NADDI..BETHY..IIU..DACOS..HVQ.DOCCS2.I01L.KIAD

TRACK ULI2-53823 LJ35 403600N 993159W 435 330 81 ZDV ZDV08
    FP_ROUTE KAPA.PLAIN8...KDSM

TRACK ULI28-893024 ALOR1 391759N 871559W 313 265 300 ZID ZID80
    FP_ROUTE KOAK./..CHERI3.R17LY.KSDF

TRACK_TIME 1121238607
TRACK ULI1-46655 ALOR1 393159N 1011400W 440 350 65 ZDV ZDV18
    FP_ROUTE KLGB./.SLN..JUDGE..MCI..SAAGS..TWAIN..BAYLI..SPI..GORDO..JAAVE..VHP..ZAVNE..HOMAR..NEWTO..MOTTS..ARBAS..LEEDS..DQN..TRUNC..BONEE..TARRY..MECAN..PIZZA..DIPNE..APE..ROSCO..CTW..PIDYY..HEFJA..AGC..FURIX..MILWO..JST..WILTT..HUDON..RASHE..SEG..KIACK..BLESS..DIANO..LVZ.LENDY6.I13L.KJFK

TRACK ULI8-64641599 B742 343159N 785059W 500 340 210 ZDC ZDC38
    FP_ROUTE KJFK./..AMYLU2.R03-Y.KCHS

TRACK ULI5-35343 B762 405359N 941659W 484 370 81 ZMP ZMP43
    FP_ROUTE KLAX./.ELSTO..KOOOP..STL..COWES..TILMN..VHP..ZAVNE..HOMAR..NEWTO..MOTTS..ARBAS..LEEDS..DQN..TRUNC..BONEE..TARRY..MECAN..PIZZA..DIPNE..APE..ROSCO..CTW..PIDYY..HEFJA..AGC..FURIX..MILWO..JST..WILTT..HUDON..RASHE..SEG..KIACK..BLESS..DIANO..LVZ.LENDY6.I13L.KJFK

TRACK ULI18-318095 ALOR1 353400N 1104859W 430 370 93 ZAB ZAB67
    FP_ROUTE KLAS./.SJN..ONM..CNX..TXO..KDAL..GGG..SPOUT..EKPOW..CARTH..EXITE..COVEX..MARTA..NUBOY..BOYCE..AEX..MCB..CEW..DEFUN..HEVVN..CTY..WILON..PERSE..OCF.LEESE2.I18R.KMCO

TRACK ULI16-24963 ALOR1 381759N 1194300W 470 350 79 ZOA ZOA32
    FP_ROUTE KSFO./.NIKOL..JABIM..OAL..WURIL..ELFES..TPH..ILC..WOOOP..MLF..DETAN..HAMET..OMUCE..HVE..BDROC..HBU..GLD..PWE..UBELE..STJ..WITAG..PATTN..JAWED..YIGRE..IRK.BDF5.L27L.KORD

